npx : (node:17224) ExperimentalWarning: Importing JSON modules is an experimental feature and might change at any time
At line:1 char:1
+ npx next build 2>&1 > build_output.txt; echo "EXIT: $LASTEXITCODE"; G ...
+ ~~~~~~~~~~~~~~~~~~~~~~~~~~~~~~~~~~~~~~
    + CategoryInfo          : NotSpecified: ((node:17224) Ex...nge at any time:String) [], RemoteException
    + FullyQualifiedErrorId : NativeCommandError
 
(Use `node --trace-warnings ...` to show where the warning was created)
Discovering workflow directives 10127ms
Created steps bundle 92ms
Created intermediate workflow bundle 205ms
Creating webhook route
Creating manifest...
Created manifest with 9 steps, 3 workflows, and 0 classes 13ms
Γû▓ Next.js 16.2.4 (Turbopack)
- Experiments (use with caution):
  ┬╖ staleTimes

  Creating an optimized production build ...
(node:18096) ExperimentalWarning: Importing JSON modules is an experimental feature and might change at any time
(Use `node --trace-warnings ...` to show where the warning was created)
Γ£ô Compiled successfully in 45s
  Running TypeScript ...
  Finished TypeScript in 27.5s ...
  Collecting page data using 3 workers ...
ΓÜá Using edge runtime on a page currently disables static generation for that page
  Generating static pages using 3 workers (0/53) ...
  Generating static pages using 3 workers (13/53) 
  Generating static pages using 3 workers (26/53) 
  Generating static pages using 3 workers (39/53) 
Γ£ô Generating static pages using 3 workers (53/53) in 1621ms
  Finalizing page optimization ...

Route (app)
Γöî Γùï /
Γö£ Γùï /_not-found
Γö£ ╞Æ /.well-known/workflow/v1/flow
Γö£ ╞Æ /.well-known/workflow/v1/step
Γö£ ╞Æ /.well-known/workflow/v1/webhook/[token]
Γö£ ╞Æ /api/accounts
Γö£ ╞Æ /api/accounts/[id]
Γö£ ╞Æ /api/ai/chat
Γö£ ╞Æ /api/ai/chat-history
Γö£ ╞Æ /api/ai/insights
Γö£ ╞Æ /api/ai/parse
Γö£ ╞Æ /api/ai/scan
Γö£ ╞Æ /api/analytics
Γö£ ╞Æ /api/bills
Γö£ ╞Æ /api/bills/[id]
Γö£ ╞Æ /api/budgets
Γö£ ╞Æ /api/budgets/[id]
Γö£ ╞Æ /api/categories
Γö£ ╞Æ /api/categories/[id]
Γö£ ╞Æ /api/checkout
Γö£ ╞Æ /api/diagnostics
Γö£ ╞Æ /api/exchange-rates
Γö£ ╞Æ /api/export
Γö£ ╞Æ /api/goals
Γö£ ╞Æ /api/goals/[id]
Γö£ ╞Æ /api/import
Γö£ ╞Æ /api/import/extract
Γö£ ╞Æ /api/portal
Γö£ ╞Æ /api/profile
Γö£ ╞Æ /api/templates
Γö£ ╞Æ /api/templates/[id]
Γö£ ╞Æ /api/transactions
Γö£ ╞Æ /api/transactions/[id]
Γö£ ╞Æ /api/transactions/bulk
Γö£ ╞Æ /api/webhooks/lemonsqueezy
Γö£ ╞Æ /api/workflows
Γö£ ╞Æ /apple-icon
Γö£ Γùï /apple-icon.png
Γö£ ╞Æ /auth/callback
Γö£ Γùï /contact
Γö£ ╞Æ /dashboard
Γö£ ╞Æ /dashboard/accounts
Γö£ ╞Æ /dashboard/ai-assistant
Γö£ ╞Æ /dashboard/analytics
Γö£ ╞Æ /dashboard/bills
Γö£ ╞Æ /dashboard/budgets
Γö£ ╞Æ /dashboard/categories
Γö£ ╞Æ /dashboard/goals
Γö£ ╞Æ /dashboard/import-export
Γö£ ╞Æ /dashboard/settings
Γö£ ╞Æ /dashboard/tags
Γö£ ╞Æ /dashboard/templates
Γö£ ╞Æ /dashboard/transactions
Γö£ ╞Æ /dashboard/transactions/new
Γö£ Γùï /forgot-password
Γö£ ╞Æ /icon
Γö£ ╞Æ /login
Γö£ Γùï /manifest.webmanifest
Γö£ Γùï /pricing
Γö£ Γùï /privacy
Γö£ ╞Æ /register
Γö£ Γùï /reset-password
Γöö Γùï /terms


╞Æ Proxy (Middleware)

Γùï  (Static)   prerendered as static content
╞Æ  (Dynamic)  server-rendered on demand

